// Jest Snapshot v1, https://goo.gl/fbAQLP

exports[`ðŸ§ª Button snapshot test snapshot comparing 1`] = `"<button type=\\"button\\" class=\\"ant-btn\\"></button>"`;
