// Jest Snapshot v1, https://goo.gl/fbAQLP

exports[`🧪 DarkThemeToggler snapshot test 快照匹配 1`] = `"<button type=\\"button\\" role=\\"switch\\" aria-checked=\\"true\\" class=\\"ant-switch ant-switch-checked\\"><div class=\\"ant-switch-handle\\"></div><span class=\\"ant-switch-inner\\"><span role=\\"img\\" class=\\"anticon\\"><svg width=\\"1em\\" height=\\"1em\\" fill=\\"currentColor\\" aria-hidden=\\"true\\" focusable=\\"false\\" class=\\"\\"><use xlink:href=\\"#bulb_g\\"></use></svg></span></span></button>"`;
