// Jest Snapshot v1, https://goo.gl/fbAQLP

exports[`ðŸ§ª Tooltip snapshot test snapshot comparing 1`] = `"<span></span>"`;
