// Jest Snapshot v1, https://goo.gl/fbAQLP

exports[`ðŸ§ª Spin snapshot test snapshot comparing 1`] = `"<div class=\\"ant-spin ant-spin-spinning\\"><span class=\\"ant-spin-dot ant-spin-dot-spin\\"><i class=\\"ant-spin-dot-item\\"></i><i class=\\"ant-spin-dot-item\\"></i><i class=\\"ant-spin-dot-item\\"></i><i class=\\"ant-spin-dot-item\\"></i></span></div>"`;
