// Jest Snapshot v1, https://goo.gl/fbAQLP

exports[`ðŸ§ª Form snapshot test snapshot comparing 1`] = `"<form class=\\"ant-form ant-form-horizontal\\"></form>"`;
