// Jest Snapshot v1, https://goo.gl/fbAQLP

exports[`🧪 Input snapshot test 快照匹配 1`] = `"<input type=\\"text\\" class=\\"ant-input\\" value=\\"\\">"`;
