// Jest Snapshot v1, https://goo.gl/fbAQLP

exports[`🧪 Tree snapshot test 快照匹配 1`] = `"<div class=\\"ant-tree ant-tree-icon-hide\\"><div role=\\"tree\\"><input style=\\"width: 0px; height: 0px; display: flex; overflow: hidden; opacity: 0; border: 0px; padding: 0px; margin: 0px;\\" tabindex=\\"0\\" value=\\"\\"></div><div class=\\"ant-tree-treenode\\" aria-hidden=\\"true\\" style=\\"position: absolute; pointer-events: none; visibility: hidden; height: 0px; overflow: hidden;\\"><div class=\\"ant-tree-indent\\"><div class=\\"ant-tree-indent-unit\\"></div></div></div><div style=\\"position: relative;\\" class=\\"ant-tree-list\\"><div class=\\"ant-tree-list-holder\\"><div><div style=\\"display: flex; flex-direction: column;\\" class=\\"ant-tree-list-holder-inner\\"><div class=\\"ant-tree-treenode ant-tree-treenode-switcher-open ant-tree-treenode-checkbox-checked ant-tree-treenode-leaf-last\\"><span aria-hidden=\\"true\\" class=\\"ant-tree-indent\\"></span><span class=\\"ant-tree-switcher ant-tree-switcher_open\\"><span role=\\"img\\" aria-label=\\"caret-down\\" class=\\"anticon anticon-caret-down ant-tree-switcher-icon\\"><svg viewBox=\\"0 0 1024 1024\\" focusable=\\"false\\" data-icon=\\"caret-down\\" width=\\"1em\\" height=\\"1em\\" fill=\\"currentColor\\" aria-hidden=\\"true\\"><path d=\\"M840.4 300H183.6c-19.7 0-30.7 20.8-18.5 35l328.4 380.8c9.4 10.9 27.5 10.9 37 0L858.9 335c12.2-14.2 1.2-35-18.5-35z\\"></path></svg></span></span><span class=\\"ant-tree-checkbox ant-tree-checkbox-checked\\"><span class=\\"ant-tree-checkbox-inner\\"></span></span><span title=\\"parent 1\\" class=\\"ant-tree-node-content-wrapper ant-tree-node-content-wrapper-open\\"><span class=\\"ant-tree-title\\">parent 1</span></span></div><div class=\\"ant-tree-treenode ant-tree-treenode-disabled ant-tree-treenode-switcher-open ant-tree-treenode-checkbox-checked ant-tree-treenode-selected\\"><span aria-hidden=\\"true\\" class=\\"ant-tree-indent\\"><span class=\\"ant-tree-indent-unit ant-tree-indent-unit-start ant-tree-indent-unit-end\\"></span></span><span class=\\"ant-tree-switcher ant-tree-switcher_open\\"><span role=\\"img\\" aria-label=\\"caret-down\\" class=\\"anticon anticon-caret-down ant-tree-switcher-icon\\"><svg viewBox=\\"0 0 1024 1024\\" focusable=\\"false\\" data-icon=\\"caret-down\\" width=\\"1em\\" height=\\"1em\\" fill=\\"currentColor\\" aria-hidden=\\"true\\"><path d=\\"M840.4 300H183.6c-19.7 0-30.7 20.8-18.5 35l328.4 380.8c9.4 10.9 27.5 10.9 37 0L858.9 335c12.2-14.2 1.2-35-18.5-35z\\"></path></svg></span></span><span class=\\"ant-tree-checkbox ant-tree-checkbox-checked ant-tree-checkbox-disabled\\"><span class=\\"ant-tree-checkbox-inner\\"></span></span><span title=\\"parent 1-0\\" class=\\"ant-tree-node-content-wrapper ant-tree-node-content-wrapper-open\\"><span class=\\"ant-tree-title\\">parent 1-0</span></span></div><div class=\\"ant-tree-treenode ant-tree-treenode-switcher-close\\"><span aria-hidden=\\"true\\" class=\\"ant-tree-indent\\"><span class=\\"ant-tree-indent-unit ant-tree-indent-unit-start ant-tree-indent-unit-end\\"></span><span class=\\"ant-tree-indent-unit ant-tree-indent-unit-start\\"></span></span><span class=\\"ant-tree-switcher ant-tree-switcher-noop\\"></span><span class=\\"ant-tree-checkbox ant-tree-checkbox-disabled\\"><span class=\\"ant-tree-checkbox-inner\\"></span></span><span title=\\"leaf\\" class=\\"ant-tree-node-content-wrapper ant-tree-node-content-wrapper-normal\\"><span class=\\"ant-tree-title\\">leaf</span></span></div><div class=\\"ant-tree-treenode ant-tree-treenode-switcher-close ant-tree-treenode-leaf-last\\"><span aria-hidden=\\"true\\" class=\\"ant-tree-indent\\"><span class=\\"ant-tree-indent-unit ant-tree-indent-unit-start ant-tree-indent-unit-end\\"></span><span class=\\"ant-tree-indent-unit ant-tree-indent-unit-start\\"></span></span><span class=\\"ant-tree-switcher ant-tree-switcher-noop\\"></span><span class=\\"ant-tree-checkbox\\"><span class=\\"ant-tree-checkbox-inner\\"></span></span><span title=\\"leaf\\" class=\\"ant-tree-node-content-wrapper ant-tree-node-content-wrapper-normal\\"><span class=\\"ant-tree-title\\">leaf</span></span></div><div class=\\"ant-tree-treenode ant-tree-treenode-switcher-open ant-tree-treenode-checkbox-checked ant-tree-treenode-leaf-last\\"><span aria-hidden=\\"true\\" class=\\"ant-tree-indent\\"><span class=\\"ant-tree-indent-unit ant-tree-indent-unit-start ant-tree-indent-unit-end\\"></span></span><span class=\\"ant-tree-switcher ant-tree-switcher_open\\"><span role=\\"img\\" aria-label=\\"caret-down\\" class=\\"anticon anticon-caret-down ant-tree-switcher-icon\\"><svg viewBox=\\"0 0 1024 1024\\" focusable=\\"false\\" data-icon=\\"caret-down\\" width=\\"1em\\" height=\\"1em\\" fill=\\"currentColor\\" aria-hidden=\\"true\\"><path d=\\"M840.4 300H183.6c-19.7 0-30.7 20.8-18.5 35l328.4 380.8c9.4 10.9 27.5 10.9 37 0L858.9 335c12.2-14.2 1.2-35-18.5-35z\\"></path></svg></span></span><span class=\\"ant-tree-checkbox ant-tree-checkbox-checked\\"><span class=\\"ant-tree-checkbox-inner\\"></span></span><span title=\\"parent 1-1\\" class=\\"ant-tree-node-content-wrapper ant-tree-node-content-wrapper-open\\"><span class=\\"ant-tree-title\\">parent 1-1</span></span></div><div class=\\"ant-tree-treenode ant-tree-treenode-switcher-close ant-tree-treenode-checkbox-checked ant-tree-treenode-leaf-last\\"><span aria-hidden=\\"true\\" class=\\"ant-tree-indent\\"><span class=\\"ant-tree-indent-unit ant-tree-indent-unit-start ant-tree-indent-unit-end\\"></span><span class=\\"ant-tree-indent-unit ant-tree-indent-unit-end\\"></span></span><span class=\\"ant-tree-switcher ant-tree-switcher-noop\\"></span><span class=\\"ant-tree-checkbox ant-tree-checkbox-checked\\"><span class=\\"ant-tree-checkbox-inner\\"></span></span><span title=\\"\\" class=\\"ant-tree-node-content-wrapper ant-tree-node-content-wrapper-normal\\"><span class=\\"ant-tree-title\\"><span style=\\"color: rgb(24, 144, 255);\\">sss</span></span></span></div></div></div></div></div></div>"`;
