// Jest Snapshot v1, https://goo.gl/fbAQLP

exports[`🧪 Layout snapshot test 快照匹配 1`] = `"<section class=\\"ant-layout\\"><header class=\\"ant-layout-header\\"></header><div>View Contents</div><footer class=\\"ant-layout-footer\\">@mlz/admin © 2020</footer></section>"`;
