// Jest Snapshot v1, https://goo.gl/fbAQLP

exports[`ðŸ“¦  ConfigProvider snapshot test snapshot comparing 1`] = `""`;
