// Jest Snapshot v1, https://goo.gl/fbAQLP

exports[`🧪 Affix snapshot test 快照匹配 1`] = `"<div><div class=\\"\\"><button type=\\"button\\" class=\\"ant-btn ant-btn-primary\\"><span>测 试</span></button></div></div>"`;
