// Jest Snapshot v1, https://goo.gl/fbAQLP

exports[`🧪 AutoComplete snapshot test 快照匹配 1`] = `"<div class=\\"ant-select ant-select-auto-complete ant-select-single ant-select-show-search\\"><div class=\\"ant-select-selector\\"><span class=\\"ant-select-selection-search\\"><input autocomplete=\\"off\\" type=\\"search\\" class=\\"ant-select-selection-search-input\\" role=\\"combobox\\" aria-haspopup=\\"listbox\\" aria-owns=\\"rc_select_TEST_OR_SSR_list\\" aria-autocomplete=\\"list\\" aria-controls=\\"rc_select_TEST_OR_SSR_list\\" aria-activedescendant=\\"rc_select_TEST_OR_SSR_list_0\\" value=\\"\\" id=\\"rc_select_TEST_OR_SSR\\"></span><span class=\\"ant-select-selection-placeholder\\"></span></div></div>"`;
