// Jest Snapshot v1, https://goo.gl/fbAQLP

exports[`🧪 Radio snapshot test 快照匹配 1`] = `"<label class=\\"ant-radio-wrapper\\"><span class=\\"ant-radio\\"><input type=\\"radio\\" class=\\"ant-radio-input\\" value=\\"\\"><span class=\\"ant-radio-inner\\"></span></span></label>"`;
