// Jest Snapshot v1, https://goo.gl/fbAQLP

exports[`ðŸ§ª Card snapshot test snapshot comparing 1`] = `"<div class=\\"ant-card ant-card-bordered\\"><div class=\\"ant-card-body\\"></div></div>"`;
