// Jest Snapshot v1, https://goo.gl/fbAQLP

exports[`🧪 Cascader snapshot test 快照匹配 1`] = `"<span class=\\"ant-cascader-picker\\" tabindex=\\"0\\"><span class=\\"ant-cascader-picker-label\\"></span><input autocomplete=\\"off\\" tabindex=\\"-1\\" placeholder=\\"Please select\\" class=\\"ant-input ant-cascader-input \\" readonly=\\"\\" type=\\"text\\" value=\\"\\"><span role=\\"img\\" aria-label=\\"down\\" class=\\"anticon anticon-down ant-cascader-picker-arrow\\"><svg viewBox=\\"64 64 896 896\\" focusable=\\"false\\" data-icon=\\"down\\" width=\\"1em\\" height=\\"1em\\" fill=\\"currentColor\\" aria-hidden=\\"true\\"><path d=\\"M884 256h-75c-5.1 0-9.9 2.5-12.9 6.6L512 654.2 227.9 262.6c-3-4.1-7.8-6.6-12.9-6.6h-75c-6.5 0-10.3 7.4-6.5 12.7l352.6 486.1c12.8 17.6 39 17.6 51.7 0l352.6-486.1c3.9-5.3.1-12.7-6.4-12.7z\\"></path></svg></span></span>"`;
