// Jest Snapshot v1, https://goo.gl/fbAQLP

exports[`🧪 Menu snapshot test 快照匹配 1`] = `"<ul class=\\"ant-menu ant-menu-root ant-menu-vertical ant-menu-light\\" role=\\"menu\\" tabindex=\\"0\\" data-menu-list=\\"true\\"></ul><div style=\\"display: none;\\" aria-hidden=\\"true\\"></div>"`;
