// Jest Snapshot v1, https://goo.gl/fbAQLP

exports[`ðŸ§ª Slider snapshot test snapshot comparing 1`] = `"<div class=\\"ant-slider\\"><div class=\\"ant-slider-rail\\"></div><div class=\\"ant-slider-track\\" style=\\"left: 0%; width: 0%;\\"></div><div class=\\"ant-slider-step\\"></div><div tabindex=\\"0\\" class=\\"ant-slider-handle\\" style=\\"left: 0%; transform: translateX(-50%);\\" role=\\"slider\\" aria-valuemin=\\"0\\" aria-valuemax=\\"100\\" aria-valuenow=\\"0\\" aria-disabled=\\"false\\"></div><div class=\\"ant-slider-mark\\"></div></div>"`;
