// Jest Snapshot v1, https://goo.gl/fbAQLP

exports[`🧪 RangePicker snapshot test 快照匹配 1`] = `"<div class=\\"ant-picker ant-picker-range\\"><div class=\\"ant-picker-input ant-picker-input-active\\"><input readonly=\\"\\" placeholder=\\"Start date\\" size=\\"12\\" autocomplete=\\"off\\" value=\\"\\"></div><div class=\\"ant-picker-range-separator\\"><span aria-label=\\"to\\" class=\\"ant-picker-separator\\"><span role=\\"img\\" aria-label=\\"swap-right\\" class=\\"anticon anticon-swap-right\\"><svg viewBox=\\"0 0 1024 1024\\" focusable=\\"false\\" data-icon=\\"swap-right\\" width=\\"1em\\" height=\\"1em\\" fill=\\"currentColor\\" aria-hidden=\\"true\\"><path d=\\"M873.1 596.2l-164-208A32 32 0 00684 376h-64.8c-6.7 0-10.4 7.7-6.3 13l144.3 183H152c-4.4 0-8 3.6-8 8v60c0 4.4 3.6 8 8 8h695.9c26.8 0 41.7-30.8 25.2-51.8z\\"></path></svg></span></span></div><div class=\\"ant-picker-input\\"><input readonly=\\"\\" placeholder=\\"End date\\" size=\\"12\\" autocomplete=\\"off\\" value=\\"\\"></div><div class=\\"ant-picker-active-bar\\" style=\\"left: 0px; width: 0px; position: absolute;\\"></div><span class=\\"ant-picker-suffix\\"><span role=\\"img\\" aria-label=\\"calendar\\" class=\\"anticon anticon-calendar\\"><svg viewBox=\\"64 64 896 896\\" focusable=\\"false\\" data-icon=\\"calendar\\" width=\\"1em\\" height=\\"1em\\" fill=\\"currentColor\\" aria-hidden=\\"true\\"><path d=\\"M880 184H712v-64c0-4.4-3.6-8-8-8h-56c-4.4 0-8 3.6-8 8v64H384v-64c0-4.4-3.6-8-8-8h-56c-4.4 0-8 3.6-8 8v64H144c-17.7 0-32 14.3-32 32v664c0 17.7 14.3 32 32 32h736c17.7 0 32-14.3 32-32V216c0-17.7-14.3-32-32-32zm-40 656H184V460h656v380zM184 392V256h128v48c0 4.4 3.6 8 8 8h56c4.4 0 8-3.6 8-8v-48h256v48c0 4.4 3.6 8 8 8h56c4.4 0 8-3.6 8-8v-48h128v136H184z\\"></path></svg></span></span></div>"`;
