// Jest Snapshot v1, https://goo.gl/fbAQLP

exports[`ðŸ§ª Avatar snapshot test snapshot comparing 1`] = `"<span class=\\"ant-avatar ant-avatar-circle\\"><span class=\\"ant-avatar-string\\" style=\\"transform: scale(1) translateX(-50%);\\"></span></span>"`;
